
> orosmit-portfolio-frontend@0.0.0 build
> vite build

[36mvite v5.4.21 [32mbuilding for production...[36m[39m
transforming...
[32m✓[39m 508 modules transformed.
[31mx[39m Build failed in 4.31s
[31merror during build:
[31mCould not resolve entry module "three".[31m
    at getRollupError (file:///C:/Users/Orosmit%20Mishra/Desktop/PORTFOLIO-OROSMIT12/orosmit-portfolio/frontend/node_modules/rollup/dist/es/shared/parseAst.js:402:41)
    at error (file:///C:/Users/Orosmit%20Mishra/Desktop/PORTFOLIO-OROSMIT12/orosmit-portfolio/frontend/node_modules/rollup/dist/es/shared/parseAst.js:398:42)
    at ModuleLoader.loadEntryModule (file:///C:/Users/Orosmit%20Mishra/Desktop/PORTFOLIO-OROSMIT12/orosmit-portfolio/frontend/node_modules/rollup/dist/es/shared/node-entry.js:21731:20)
    at async Promise.all (index 0)
    at async Promise.all (index 0)[39m
